// Jest Snapshot v1, https://goo.gl/fbAQLP

exports[`ChampionAvatar should render successfully 1`] = `
<body>
  <div>
    <div
      class="MuiAvatar-root MuiAvatar-circle"
    >
      <img
        alt=""
        class="MuiAvatar-img"
        height="40px"
        src="/cdn/10.22.1/img/champion/Aatrox.png"
        width="40px"
      />
    </div>
  </div>
</body>
`;
